<?xml version="1.0" encoding="UTF-8"?>
<testsuites name="jest tests" tests="189" failures="0" errors="0" time="113.3">
  <testsuite name="Datagrid Unit test for Master Details" errors="0" failures="0" skipped="0" timestamp="2023-10-09T04:59:15" time="19.305" tests="4">
    <testcase classname="Datagrid Unit test for Master Details Master Details default row Tool tip" name="Datagrid Unit test for Master Details Master Details default row Tool tip" time="1.633">
    </testcase>
    <testcase classname="Datagrid Unit test for Master Details Master Details dynamic row Tool tip" name="Datagrid Unit test for Master Details Master Details dynamic row Tool tip" time="1.127">
    </testcase>
    <testcase classname="Datagrid Unit test for Master Details Master Details default cell Tool tip" name="Datagrid Unit test for Master Details Master Details default cell Tool tip" time="1.853">
    </testcase>
    <testcase classname="Datagrid Unit test for Master Details Master Details dynamic row Tool tip" name="Datagrid Unit test for Master Details Master Details dynamic row Tool tip" time="0.966">
    </testcase>
  </testsuite>
  <testsuite name="RowGrouping API" errors="0" failures="0" skipped="0" timestamp="2023-10-09T04:59:15" time="26.96" tests="12">
    <testcase classname="RowGrouping API getRowGroupColumns works correctly" name="RowGrouping API getRowGroupColumns works correctly" time="2.433">
    </testcase>
    <testcase classname="RowGrouping API setRowGroupColumns works correctly when columns are passed as array of objects" name="RowGrouping API setRowGroupColumns works correctly when columns are passed as array of objects" time="1.309">
    </testcase>
    <testcase classname="RowGrouping API setRowGroupColumns works correctly when columns are passed as array of strings" name="RowGrouping API setRowGroupColumns works correctly when columns are passed as array of strings" time="1.248">
    </testcase>
    <testcase classname="RowGrouping API addRowGroupColumn works correctly when column is passed as object" name="RowGrouping API addRowGroupColumn works correctly when column is passed as object" time="0.879">
    </testcase>
    <testcase classname="RowGrouping API addRowGroupColumn works correctly when column is passed as string" name="RowGrouping API addRowGroupColumn works correctly when column is passed as string" time="0.825">
    </testcase>
    <testcase classname="RowGrouping API addRowGroupColumns works correctly when columns are passed as array of objects" name="RowGrouping API addRowGroupColumns works correctly when columns are passed as array of objects" time="0.708">
    </testcase>
    <testcase classname="RowGrouping API addRowGroupColumns works correctly when columns are passed as array of strings" name="RowGrouping API addRowGroupColumns works correctly when columns are passed as array of strings" time="0.698">
    </testcase>
    <testcase classname="RowGrouping API removeRowGroupColumn works correctly when column is passed as an object" name="RowGrouping API removeRowGroupColumn works correctly when column is passed as an object" time="0.937">
    </testcase>
    <testcase classname="RowGrouping API removeRowGroupColumn works correctly when column is passed as string" name="RowGrouping API removeRowGroupColumn works correctly when column is passed as string" time="0.789">
    </testcase>
    <testcase classname="RowGrouping API removeRowGroupColumns works correctly when columns are passed an array of objects" name="RowGrouping API removeRowGroupColumns works correctly when columns are passed an array of objects" time="1.139">
    </testcase>
    <testcase classname="RowGrouping API removeRowGroupColumns works correctly when columns are passed an array of strings" name="RowGrouping API removeRowGroupColumns works correctly when columns are passed an array of strings" time="0.937">
    </testcase>
    <testcase classname="RowGrouping API moveRowGroupColumn works correctly" name="RowGrouping API moveRowGroupColumn works correctly" time="0.694">
    </testcase>
  </testsuite>
  <testsuite name="Datagrid Unit test for Tree view" errors="0" failures="0" skipped="0" timestamp="2023-10-09T04:59:34" time="10.085" tests="7">
    <testcase classname="Datagrid Unit test for Tree view Tree view" name="Datagrid Unit test for Tree view Tree view" time="2.232">
    </testcase>
    <testcase classname="Datagrid Unit test for Tree view print window check only serial" name="Datagrid Unit test for Tree view print window check only serial" time="1.346">
    </testcase>
    <testcase classname="Datagrid Unit test for Tree view print window check only serial" name="Datagrid Unit test for Tree view print window check only serial" time="1.119">
    </testcase>
    <testcase classname="Datagrid Unit test for Tree view print window check only serial" name="Datagrid Unit test for Tree view print window check only serial" time="1.149">
    </testcase>
    <testcase classname="Datagrid Unit test for Tree view Treeview Value chage" name="Datagrid Unit test for Tree view Treeview Value chage" time="0.772">
    </testcase>
    <testcase classname="Datagrid Unit test for Tree view Treeview Row select" name="Datagrid Unit test for Tree view Treeview Row select" time="0.724">
    </testcase>
    <testcase classname="Datagrid Unit test for Tree view Treeview Row select" name="Datagrid Unit test for Tree view Treeview Row select" time="0.349">
    </testcase>
  </testsuite>
  <testsuite name="Datagrid Unit test for All editors" errors="0" failures="0" skipped="0" timestamp="2023-10-09T04:59:14" time="34.288" tests="11">
    <testcase classname="Datagrid Unit test for All editors editors for button" name="Datagrid Unit test for All editors editors for button" time="4.21">
    </testcase>
    <testcase classname="Datagrid Unit test for All editors editors for textEditor" name="Datagrid Unit test for All editors editors for textEditor" time="2.991">
    </testcase>
    <testcase classname="Datagrid Unit test for All editors editors for slider" name="Datagrid Unit test for All editors editors for slider" time="1.814">
    </testcase>
    <testcase classname="Datagrid Unit test for All editors editors for checkbox" name="Datagrid Unit test for All editors editors for checkbox" time="2.045">
    </testcase>
    <testcase classname="Datagrid Unit test for All editors editors for dateEditor" name="Datagrid Unit test for All editors editors for dateEditor" time="1.436">
    </testcase>
    <testcase classname="Datagrid Unit test for All editors editors for dateTimeEditor" name="Datagrid Unit test for All editors editors for dateTimeEditor" time="1.313">
    </testcase>
    <testcase classname="Datagrid Unit test for All editors editors for timeEditor" name="Datagrid Unit test for All editors editors for timeEditor" time="1.194">
    </testcase>
    <testcase classname="Datagrid Unit test for All editors editors for dropDownEditor" name="Datagrid Unit test for All editors editors for dropDownEditor" time="1.301">
    </testcase>
    <testcase classname="Datagrid Unit test for All editors editors for radioButtonEditor" name="Datagrid Unit test for All editors editors for radioButtonEditor" time="1.281">
    </testcase>
    <testcase classname="Datagrid Unit test for All editors editors for colorPicker" name="Datagrid Unit test for All editors editors for colorPicker" time="1.053">
    </testcase>
    <testcase classname="Datagrid Unit test for All editors edit cell onnavigation keydown" name="Datagrid Unit test for All editors edit cell onnavigation keydown" time="1.527">
    </testcase>
  </testsuite>
  <testsuite name="Datagrid Unit test for Master Details" errors="0" failures="0" skipped="0" timestamp="2023-10-09T04:59:42" time="6.156" tests="2">
    <testcase classname="Datagrid Unit test for Master Details Master Details" name="Datagrid Unit test for Master Details Master Details" time="1.103">
    </testcase>
    <testcase classname="Datagrid Unit test for Master Details Master Details editable master row" name="Datagrid Unit test for Master Details Master Details editable master row" time="0.178">
    </testcase>
  </testsuite>
  <testsuite name="Datagrid Unit test for Responsive Detailed Row" errors="0" failures="0" skipped="0" timestamp="2023-10-09T04:59:51" time="6.972" tests="7">
    <testcase classname="Datagrid Unit test for Responsive Detailed Row DetailedRow Mobile view with single" name="Datagrid Unit test for Responsive Detailed Row DetailedRow Mobile view with single" time="1.696">
    </testcase>
    <testcase classname="Datagrid Unit test for Responsive Detailed Row DetailedRow Mobile view with multiple" name="Datagrid Unit test for Responsive Detailed Row DetailedRow Mobile view with multiple" time="0.722">
    </testcase>
    <testcase classname="Datagrid Unit test for Responsive Detailed Row DetailedRow desktop view with single" name="Datagrid Unit test for Responsive Detailed Row DetailedRow desktop view with single" time="1.395">
    </testcase>
    <testcase classname="Datagrid Unit test for Responsive Detailed Row DetailedRow desktop view with single" name="Datagrid Unit test for Responsive Detailed Row DetailedRow desktop view with single" time="0.606">
    </testcase>
    <testcase classname="Datagrid Unit test for Responsive Detailed Row DetailedRow Mobile view with cell ToolTip" name="Datagrid Unit test for Responsive Detailed Row DetailedRow Mobile view with cell ToolTip" time="0.343">
    </testcase>
    <testcase classname="Datagrid Unit test for Responsive Detailed Row DetailedRow Mobile view with cell ToolTip static" name="Datagrid Unit test for Responsive Detailed Row DetailedRow Mobile view with cell ToolTip static" time="0.269">
    </testcase>
    <testcase classname="Datagrid Unit test for Responsive Detailed Row DetailedRow Tab view with cell ToolTip dynamic" name="Datagrid Unit test for Responsive Detailed Row DetailedRow Tab view with cell ToolTip dynamic" time="0.291">
    </testcase>
  </testsuite>
  <testsuite name="Datagrid Unit test for MultiLine Header view" errors="0" failures="0" skipped="0" timestamp="2023-10-09T04:59:14" time="49.383" tests="7">
    <testcase classname="Datagrid Unit test for MultiLine Header view Multiline header view" name="Datagrid Unit test for MultiLine Header view Multiline header view" time="12.097">
    </testcase>
    <testcase classname="Datagrid Unit test for MultiLine Header view value Formatter cell clcik and double clcik " name="Datagrid Unit test for MultiLine Header view value Formatter cell clcik and double clcik " time="3.966">
    </testcase>
    <testcase classname="Datagrid Unit test for MultiLine Header view Multiline sort  " name="Datagrid Unit test for MultiLine Header view Multiline sort  " time="9.052">
    </testcase>
    <testcase classname="Datagrid Unit test for MultiLine Header view Multiline sort  " name="Datagrid Unit test for MultiLine Header view Multiline sort  " time="4.621">
    </testcase>
    <testcase classname="Datagrid Unit test for MultiLine Header view Multiline sort  " name="Datagrid Unit test for MultiLine Header view Multiline sort  " time="2.922">
    </testcase>
    <testcase classname="Datagrid Unit test for MultiLine Header view Multiline sort  " name="Datagrid Unit test for MultiLine Header view Multiline sort  " time="2.759">
    </testcase>
    <testcase classname="Datagrid Unit test for MultiLine Header view Multiline header doubleClcik " name="Datagrid Unit test for MultiLine Header view Multiline header doubleClcik " time="5.087">
    </testcase>
  </testsuite>
  <testsuite name="Datagrid Unit test for rowNode" errors="0" failures="0" skipped="0" timestamp="2023-10-09T05:00:04" time="7.645" tests="2">
    <testcase classname="Datagrid Unit test for rowNode Datagrid Unit test for rownode isSelected,setSelected" name="Datagrid Unit test for rowNode Datagrid Unit test for rownode isSelected,setSelected" time="0.756">
    </testcase>
    <testcase classname="Datagrid Unit test for rowNode Datagrid Unit test for rownode isExpanded" name="Datagrid Unit test for rowNode Datagrid Unit test for rownode isExpanded" time="1.487">
    </testcase>
  </testsuite>
  <testsuite name="Datagrid Unit test for Group Row" errors="0" failures="0" skipped="0" timestamp="2023-10-09T05:00:03" time="7.955" tests="2">
    <testcase classname="Datagrid Unit test for Group Row group view" name="Datagrid Unit test for Group Row group view" time="1.226">
    </testcase>
    <testcase classname="Datagrid Unit test for Group Row group view api " name="Datagrid Unit test for Group Row group view api " time="1.309">
    </testcase>
  </testsuite>
  <testsuite name="Datagrid Unit test for rowNode" errors="0" failures="0" skipped="0" timestamp="2023-10-09T05:00:03" time="8.696" tests="2">
    <testcase classname="Datagrid Unit test for rowNode Datagrid Unit test for rownode isSelected,setSelected" name="Datagrid Unit test for rowNode Datagrid Unit test for rownode isSelected,setSelected" time="0.699">
    </testcase>
    <testcase classname="Datagrid Unit test for rowNode Datagrid Unit test for rownode isExpanded" name="Datagrid Unit test for rowNode Datagrid Unit test for rownode isExpanded" time="2.318">
    </testcase>
  </testsuite>
  <testsuite name="Datagrid Unit test for Summarry Row" errors="0" failures="0" skipped="0" timestamp="2023-10-09T05:00:06" time="11.268" tests="1">
    <testcase classname="Datagrid Unit test for Summarry Row print window check" name="Datagrid Unit test for Summarry Row print window check" time="2.783">
    </testcase>
  </testsuite>
  <testsuite name="rowSelection event test" errors="0" failures="0" skipped="0" timestamp="2023-10-09T05:00:13" time="6.271" tests="8">
    <testcase classname="rowSelection event test Copy Paste event " name="rowSelection event test Copy Paste event " time="0.996">
    </testcase>
    <testcase classname="rowSelection event test copy checking " name="rowSelection event test copy checking " time="0.515">
    </testcase>
    <testcase classname="rowSelection event test Copy Paste event Checking " name="rowSelection event test Copy Paste event Checking " time="0.459">
    </testcase>
    <testcase classname="rowSelection event test key down escape" name="rowSelection event test key down escape" time="0.272">
    </testcase>
    <testcase classname="rowSelection event test key down arrow" name="rowSelection event test key down arrow" time="0.584">
    </testcase>
    <testcase classname="rowSelection event test key down arrow" name="rowSelection event test key down arrow" time="0.777">
    </testcase>
    <testcase classname="rowSelection event test key down arrow" name="rowSelection event test key down arrow" time="0.442">
    </testcase>
    <testcase classname="rowSelection event test key down arrow" name="rowSelection event test key down arrow" time="0.339">
    </testcase>
  </testsuite>
  <testsuite name="Datagrid Unit test for Group Row Tool Tip" errors="0" failures="0" skipped="0" timestamp="2023-10-09T05:00:12" time="7.179" tests="4">
    <testcase classname="Datagrid Unit test for Group Row Tool Tip GroupRow Row Default Tooltip" name="Datagrid Unit test for Group Row Tool Tip GroupRow Row Default Tooltip" time="0.632">
    </testcase>
    <testcase classname="Datagrid Unit test for Group Row Tool Tip Group Row Row Dynamic Tooltip" name="Datagrid Unit test for Group Row Tool Tip Group Row Row Dynamic Tooltip" time="0.478">
    </testcase>
    <testcase classname="Datagrid Unit test for Group Row Tool Tip GroupRow Cell  Default Tooltip" name="Datagrid Unit test for Group Row Tool Tip GroupRow Cell  Default Tooltip" time="0.316">
    </testcase>
    <testcase classname="Datagrid Unit test for Group Row Tool Tip GroupRow Cell Dynamic Tooltip" name="Datagrid Unit test for Group Row Tool Tip GroupRow Cell Dynamic Tooltip" time="0.267">
    </testcase>
  </testsuite>
  <testsuite name="Datagrid Unit test for Alignment" errors="0" failures="0" skipped="0" timestamp="2023-10-09T05:00:12" time="8.744" tests="1">
    <testcase classname="Datagrid Unit test for Alignment print window check" name="Datagrid Unit test for Alignment print window check" time="3.197">
    </testcase>
  </testsuite>
  <testsuite name="Datagrid Unit test for ToolTip view with multiline header" errors="0" failures="0" skipped="0" timestamp="2023-10-09T05:00:18" time="5.809" tests="1">
    <testcase classname="Datagrid Unit test for ToolTip view with multiline header ToolTip view" name="Datagrid Unit test for ToolTip view with multiline header ToolTip view" time="3.454">
    </testcase>
  </testsuite>
  <testsuite name="Datagrid Unit test for contextmenu" errors="0" failures="0" skipped="0" timestamp="2023-10-09T05:00:19" time="5.276" tests="3">
    <testcase classname="Datagrid Unit test for contextmenu context menu and menu click " name="Datagrid Unit test for contextmenu context menu and menu click " time="1.411">
    </testcase>
    <testcase classname="Datagrid Unit test for contextmenu sub contextmenu " name="Datagrid Unit test for contextmenu sub contextmenu " time="1.015">
    </testcase>
    <testcase classname="Datagrid Unit test for contextmenu disabled menu onclick " name="Datagrid Unit test for contextmenu disabled menu onclick " time="0.689">
    </testcase>
  </testsuite>
  <testsuite name="rowSelection event test" errors="0" failures="0" skipped="0" timestamp="2023-10-09T05:00:20" time="5.003" tests="4">
    <testcase classname="rowSelection event test Single row selection with onSelectedRow " name="rowSelection event test Single row selection with onSelectedRow " time="1.017">
    </testcase>
    <testcase classname="rowSelection event test Single row selection without onSelectedRow " name="rowSelection event test Single row selection without onSelectedRow " time="0.816">
    </testcase>
    <testcase classname="rowSelection event test Multiple row selection with onSelectedRow " name="rowSelection event test Multiple row selection with onSelectedRow " time="0.87">
    </testcase>
    <testcase classname="rowSelection event test setSuppressRowClickSelection api  " name="rowSelection event test setSuppressRowClickSelection api  " time="0.332">
    </testcase>
  </testsuite>
  <testsuite name="Show selected rows prop works correctly" errors="0" failures="0" skipped="0" timestamp="2023-10-09T05:00:21" time="4.962" tests="4">
    <testcase classname="Show selected rows prop works correctly Show selected rows is rendered when showSelectedRows prop is passed" name="Show selected rows prop works correctly Show selected rows is rendered when showSelectedRows prop is passed" time="0.617">
    </testcase>
    <testcase classname="Show selected rows prop works correctly Show selected rows is rendered when showSelectedRows=false or prop is not passed" name="Show selected rows prop works correctly Show selected rows is rendered when showSelectedRows=false or prop is not passed" time="0.316">
    </testcase>
    <testcase classname="Show selected rows prop works correctly Show selected rows shows correct number of rows when row is selected" name="Show selected rows prop works correctly Show selected rows shows correct number of rows when row is selected" time="0.83">
    </testcase>
    <testcase classname="Show selected rows prop works correctly Show selected rows shows correct number of rows when all rows are selected" name="Show selected rows prop works correctly Show selected rows shows correct number of rows when all rows are selected" time="0.725">
    </testcase>
  </testsuite>
  <testsuite name="Datagrid Unit test" errors="0" failures="0" skipped="0" timestamp="2023-10-09T05:00:25" time="4.891" tests="3">
    <testcase classname="Datagrid Unit test Filter features" name="Datagrid Unit test Filter features" time="1.603">
    </testcase>
    <testcase classname="Datagrid Unit test Filter features" name="Datagrid Unit test Filter features" time="0.74">
    </testcase>
    <testcase classname="Datagrid Unit test global filter row" name="Datagrid Unit test global filter row" time="0.254">
    </testcase>
  </testsuite>
  <testsuite name="Datagrid Unit test for Table Pagination" errors="0" failures="0" skipped="0" timestamp="2023-10-09T05:00:25" time="4.951" tests="2">
    <testcase classname="Datagrid Unit test for Table Pagination table pagination" name="Datagrid Unit test for Table Pagination table pagination" time="0.96">
    </testcase>
    <testcase classname="Datagrid Unit test for Table Pagination table pagination with selected" name="Datagrid Unit test for Table Pagination table pagination with selected" time="1.896">
    </testcase>
  </testsuite>
  <testsuite name="GridAPI - Filtering APIs" errors="0" failures="0" skipped="0" timestamp="2023-10-09T05:00:25" time="4.907" tests="11">
    <testcase classname="GridAPI - Filtering APIs selectAllFiltered and deselectAllFiltered" name="GridAPI - Filtering APIs selectAllFiltered and deselectAllFiltered" time="0.362">
    </testcase>
    <testcase classname="GridAPI - Filtering APIs selectAllFiltered and deselectAllFiltered with onSelectedRowsChange" name="GridAPI - Filtering APIs selectAllFiltered and deselectAllFiltered with onSelectedRowsChange" time="0.255">
    </testcase>
    <testcase classname="GridAPI - Filtering APIs setSuppressPagination" name="GridAPI - Filtering APIs setSuppressPagination" time="0.264">
    </testcase>
    <testcase classname="GridAPI - Filtering APIs setHeaderHeight" name="GridAPI - Filtering APIs setHeaderHeight" time="0.245">
    </testcase>
    <testcase classname="GridAPI - Filtering APIs forEachLeafNodeAfterFilterAndSort" name="GridAPI - Filtering APIs forEachLeafNodeAfterFilterAndSort" time="0.323">
    </testcase>
    <testcase classname="GridAPI - Filtering APIs forEachLeafNodeAfterFilter" name="GridAPI - Filtering APIs forEachLeafNodeAfterFilter" time="0.24">
    </testcase>
    <testcase classname="GridAPI - Filtering APIs setRowData" name="GridAPI - Filtering APIs setRowData" time="0.222">
    </testcase>
    <testcase classname="GridAPI - Filtering APIs addItem" name="GridAPI - Filtering APIs addItem" time="0.224">
    </testcase>
    <testcase classname="GridAPI - Filtering APIs addItems" name="GridAPI - Filtering APIs addItems" time="0.249">
    </testcase>
    <testcase classname="GridAPI - Filtering APIs removeItem" name="GridAPI - Filtering APIs removeItem" time="0.178">
    </testcase>
    <testcase classname="GridAPI - Filtering APIs removeItems" name="GridAPI - Filtering APIs removeItems" time="0.192">
    </testcase>
  </testsuite>
  <testsuite name="Datagrid Unit test" errors="0" failures="0" skipped="0" timestamp="2023-10-09T05:00:26" time="4.818" tests="3">
    <testcase classname="Datagrid Unit test Multiline Header rowdata should be editable on dblClick and new edited data should be rendered in that cell" name="Datagrid Unit test Multiline Header rowdata should be editable on dblClick and new edited data should be rendered in that cell" time="1.382">
    </testcase>
    <testcase classname="Datagrid Unit test Edit cell onKey down" name="Datagrid Unit test Edit cell onKey down" time="0.603">
    </testcase>
    <testcase classname="Datagrid Unit test Edit cell onKey down" name="Datagrid Unit test Edit cell onKey down" time="0.612">
    </testcase>
  </testsuite>
  <testsuite name="Datagrid Unit test for Column Span" errors="0" failures="0" skipped="0" timestamp="2023-10-09T05:00:31" time="3.682" tests="2">
    <testcase classname="Datagrid Unit test for Column Span key downs in column span area" name="Datagrid Unit test for Column Span key downs in column span area" time="1.267">
    </testcase>
    <testcase classname="Datagrid Unit test for Column Span key downs in column span area" name="Datagrid Unit test for Column Span key downs in column span area" time="0.467">
    </testcase>
  </testsuite>
  <testsuite name="Datagrid Unit test for Summary Row ToolTip" errors="0" failures="0" skipped="0" timestamp="2023-10-09T05:00:31" time="4.528" tests="4">
    <testcase classname="Datagrid Unit test for Summary Row ToolTip SummarryRow Row Default ToolTip" name="Datagrid Unit test for Summary Row ToolTip SummarryRow Row Default ToolTip" time="1.259">
    </testcase>
    <testcase classname="Datagrid Unit test for Summary Row ToolTip SummarryRow Row Dynamic ToolTip" name="Datagrid Unit test for Summary Row ToolTip SummarryRow Row Dynamic ToolTip" time="0.351">
    </testcase>
    <testcase classname="Datagrid Unit test for Summary Row ToolTip SummarryRow Cell Default ToolTip" name="Datagrid Unit test for Summary Row ToolTip SummarryRow Cell Default ToolTip" time="0.403">
    </testcase>
    <testcase classname="Datagrid Unit test for Summary Row ToolTip SummarryRow Cell Dynamic ToolTip" name="Datagrid Unit test for Summary Row ToolTip SummarryRow Cell Dynamic ToolTip" time="0.384">
    </testcase>
  </testsuite>
  <testsuite name="ToolTip test for Tree view Row" errors="0" failures="0" skipped="0" timestamp="2023-10-09T05:00:30" time="5.104" tests="5">
    <testcase classname="ToolTip test for Tree view Row Tree view Default Row" name="ToolTip test for Tree view Row Tree view Default Row" time="0.834">
    </testcase>
    <testcase classname="ToolTip test for Tree view Row Tree view  Dynamic Tooltip for Row " name="ToolTip test for Tree view Row Tree view  Dynamic Tooltip for Row " time="0.516">
    </testcase>
    <testcase classname="ToolTip test for Tree view Row Tree view Default Row without id" name="ToolTip test for Tree view Row Tree view Default Row without id" time="0.445">
    </testcase>
    <testcase classname="ToolTip test for Tree view Row Tree view Default Cell" name="ToolTip test for Tree view Row Tree view Default Cell" time="0.486">
    </testcase>
    <testcase classname="ToolTip test for Tree view Row Tree view Default Dynamic" name="ToolTip test for Tree view Row Tree view Default Dynamic" time="0.46">
    </testcase>
  </testsuite>
  <testsuite name="Datagrid Unit test" errors="0" failures="0" skipped="0" timestamp="2023-10-09T05:00:32" time="4.144" tests="2">
    <testcase classname="Datagrid Unit test should sort data when user clicks header name" name="Datagrid Unit test should sort data when user clicks header name" time="1.476">
    </testcase>
    <testcase classname="Datagrid Unit test  header keydown" name="Datagrid Unit test  header keydown" time="0.551">
    </testcase>
  </testsuite>
  <testsuite name="Datagrid Unit test for Export" errors="0" failures="0" skipped="0" timestamp="2023-10-09T05:00:35" time="3.597" tests="4">
    <testcase classname="Datagrid Unit test for Export CSV button and download" name="Datagrid Unit test for Export CSV button and download" time="1.015">
    </testcase>
    <testcase classname="Datagrid Unit test for Export XSLX button and downloa" name="Datagrid Unit test for Export XSLX button and downloa" time="0.314">
    </testcase>
    <testcase classname="Datagrid Unit test for Export pdf button and download" name="Datagrid Unit test for Export pdf button and download" time="0.512">
    </testcase>
    <testcase classname="Datagrid Unit test for Export exports data to XLSX file" name="Datagrid Unit test for Export exports data to XLSX file" time="0.006">
    </testcase>
  </testsuite>
  <testsuite name="Datagrid Unit test" errors="0" failures="0" skipped="0" timestamp="2023-10-09T05:00:36" time="3.599" tests="2">
    <testcase classname="Datagrid Unit test Headerdata rendered &amp; on headerCell click it should be selected" name="Datagrid Unit test Headerdata rendered &amp; on headerCell click it should be selected" time="0.878">
    </testcase>
    <testcase classname="Datagrid Unit test Rowdata rendered &amp; on rowCell click it should be selected" name="Datagrid Unit test Rowdata rendered &amp; on rowCell click it should be selected" time="0.681">
    </testcase>
  </testsuite>
  <testsuite name="Datagrid Unit test for column Reorder" errors="0" failures="0" skipped="0" timestamp="2023-10-09T05:00:36" time="3.905" tests="3">
    <testcase classname="Datagrid Unit test for column Reorder column Reorder" name="Datagrid Unit test for column Reorder column Reorder" time="0.666">
    </testcase>
    <testcase classname="Datagrid Unit test for column Reorder column onClcik" name="Datagrid Unit test for column Reorder column onClcik" time="0.368">
    </testcase>
    <testcase classname="Datagrid Unit test for column Reorder Edit cell UseEffect" name="Datagrid Unit test for column Reorder Edit cell UseEffect" time="0.696">
    </testcase>
  </testsuite>
  <testsuite name="GridAPI" errors="0" failures="0" skipped="0" timestamp="2023-10-09T05:00:37" time="3.347" tests="5">
    <testcase classname="GridAPI setCellValue and getFirstRenderedData work correctly" name="GridAPI setCellValue and getFirstRenderedData work correctly" time="0.427">
    </testcase>
    <testcase classname="GridAPI getColumnDefs,setColumnDefs and updateColumns work correctly" name="GridAPI getColumnDefs,setColumnDefs and updateColumns work correctly" time="0.428">
    </testcase>
    <testcase classname="GridAPI getRowNode and getValue work correctly" name="GridAPI getRowNode and getValue work correctly" time="0.249">
    </testcase>
    <testcase classname="GridAPI getDisplayedRowCount,getDisplayedRowAtIndex,getFirstDisplayedRow and getLastDisplayedRow work correctly" name="GridAPI getDisplayedRowCount,getDisplayedRowAtIndex,getFirstDisplayedRow and getLastDisplayedRow work correctly" time="0.189">
    </testcase>
    <testcase classname="GridAPI getRows, getRenderedrows, getRenderedNodes and getModel work correctly" name="GridAPI getRows, getRenderedrows, getRenderedNodes and getModel work correctly" time="0.22">
    </testcase>
  </testsuite>
  <testsuite name="ColumnState API" errors="0" failures="0" skipped="0" timestamp="2023-10-09T05:00:40" time="3.196" tests="4">
    <testcase classname="ColumnState API getColumnState works correctly" name="ColumnState API getColumnState works correctly" time="0.201">
    </testcase>
    <testcase classname="ColumnState API applyColumnState works correctly" name="ColumnState API applyColumnState works correctly" time="0.135">
    </testcase>
    <testcase classname="ColumnState API defaultState passed to applyColumnState works correctly" name="ColumnState API defaultState passed to applyColumnState works correctly" time="0.223">
    </testcase>
    <testcase classname="ColumnState API resetColumnState works correctly" name="ColumnState API resetColumnState works correctly" time="0.192">
    </testcase>
  </testsuite>
  <testsuite name="Datagrid Unit test" errors="0" failures="0" skipped="0" timestamp="2023-10-09T05:00:40" time="3.258" tests="1">
    <testcase classname="Datagrid Unit test All Row selection using HeaderRow Checkbox" name="Datagrid Unit test All Row selection using HeaderRow Checkbox" time="0.92">
    </testcase>
  </testsuite>
  <testsuite name="MoveColumns" errors="0" failures="0" skipped="0" timestamp="2023-10-09T05:00:40" time="3.48" tests="5">
    <testcase classname="MoveColumns moveColumn works correctly when column passed as string" name="MoveColumns moveColumn works correctly when column passed as string" time="0.358">
    </testcase>
    <testcase classname="MoveColumns moveColumn works correctly when column passed as object" name="MoveColumns moveColumn works correctly when column passed as object" time="0.219">
    </testcase>
    <testcase classname="MoveColumns moveColumns works correctly when columns are passed as array of objects" name="MoveColumns moveColumns works correctly when columns are passed as array of objects" time="0.218">
    </testcase>
    <testcase classname="MoveColumns moveColumns works correctly when columns are passed as array of strings" name="MoveColumns moveColumns works correctly when columns are passed as array of strings" time="0.212">
    </testcase>
    <testcase classname="MoveColumns moveColumnByIndex works correctly" name="MoveColumns moveColumnByIndex works correctly" time="0.225">
    </testcase>
  </testsuite>
  <testsuite name="Datagrid Unit test for refresh Cell For all" errors="0" failures="0" skipped="0" timestamp="2023-10-09T05:00:40" time="3.966" tests="4">
    <testcase classname="Datagrid Unit test for refresh Cell For all  test for refresh Cell For normall cell" name="Datagrid Unit test for refresh Cell For all  test for refresh Cell For normall cell" time="0.669">
    </testcase>
    <testcase classname="Datagrid Unit test for refresh Cell For all  test for refresh Cell For Tree cell" name="Datagrid Unit test for refresh Cell For all  test for refresh Cell For Tree cell" time="0.537">
    </testcase>
    <testcase classname="Datagrid Unit test for refresh Cell For all  test for refresh Cell For master cell" name="Datagrid Unit test for refresh Cell For all  test for refresh Cell For master cell" time="0.296">
    </testcase>
    <testcase classname="Datagrid Unit test for refresh Cell For all test for refresh Cell For DetailedRow  cell" name="Datagrid Unit test for refresh Cell For all test for refresh Cell For DetailedRow  cell" time="0.233">
    </testcase>
  </testsuite>
  <testsuite name="GridAPI - column APIs" errors="0" failures="0" skipped="0" timestamp="2023-10-09T05:00:43" time="3.976" tests="6">
    <testcase classname="GridAPI - column APIs sizeColumnsToFit" name="GridAPI - column APIs sizeColumnsToFit" time="0.558">
    </testcase>
    <testcase classname="GridAPI - column APIs autoSizeAllColumns" name="GridAPI - column APIs autoSizeAllColumns" time="0.27">
    </testcase>
    <testcase classname="GridAPI - column APIs autoSizeColumn" name="GridAPI - column APIs autoSizeColumn" time="0.218">
    </testcase>
    <testcase classname="GridAPI - column APIs autoSizeColumns" name="GridAPI - column APIs autoSizeColumns" time="0.248">
    </testcase>
    <testcase classname="GridAPI - column APIs setColumnWidth" name="GridAPI - column APIs setColumnWidth" time="0.202">
    </testcase>
    <testcase classname="GridAPI - column APIs setColumnsWidth" name="GridAPI - column APIs setColumnsWidth" time="0.186">
    </testcase>
  </testsuite>
  <testsuite name="Datagrid Unit test for Scroll" errors="0" failures="0" skipped="0" timestamp="2023-10-09T05:00:44" time="3.843" tests="3">
    <testcase classname="Datagrid Unit test for Scroll Datagrid Unit test for Scrol" name="Datagrid Unit test for Scroll Datagrid Unit test for Scrol" time="0.812">
    </testcase>
    <testcase classname="Datagrid Unit test for Scroll Datagrid Unit test for EnsureScroll" name="Datagrid Unit test for Scroll Datagrid Unit test for EnsureScroll" time="0.33">
    </testcase>
    <testcase classname="Datagrid Unit test for Scroll Datagrid Unit test for api function" name="Datagrid Unit test for Scroll Datagrid Unit test for api function" time="0.28">
    </testcase>
  </testsuite>
  <testsuite name="Datagrid Unit test for Cell Focus" errors="0" failures="0" skipped="0" timestamp="2023-10-09T05:00:44" time="4.157" tests="1">
    <testcase classname="Datagrid Unit test for Cell Focus table pagination with Cell Focus" name="Datagrid Unit test for Cell Focus table pagination with Cell Focus" time="1.468">
    </testcase>
  </testsuite>
  <testsuite name="Datagrid Unit test for Row Reorder" errors="0" failures="0" skipped="0" timestamp="2023-10-09T05:00:45" time="4.097" tests="2">
    <testcase classname="Datagrid Unit test for Row Reorder Row Reorder" name="Datagrid Unit test for Row Reorder Row Reorder" time="0.937">
    </testcase>
    <testcase classname="Datagrid Unit test for Row Reorder Row Reorder suppress Row Drag" name="Datagrid Unit test for Row Reorder Row Reorder suppress Row Drag" time="0.6">
    </testcase>
  </testsuite>
  <testsuite name="SerialNumber Column Renders correctly" errors="0" failures="0" skipped="0" timestamp="2023-10-09T05:00:47" time="3.271" tests="4">
    <testcase classname="SerialNumber Column Renders correctly Page has serial number column after passing serialNumber or serialNumber=true" name="SerialNumber Column Renders correctly Page has serial number column after passing serialNumber or serialNumber=true" time="0.299">
    </testcase>
    <testcase classname="SerialNumber Column Renders correctly Page has serial number column after passing serialNumber or serialNumber=true" name="SerialNumber Column Renders correctly Page has serial number column after passing serialNumber or serialNumber=true" time="0.189">
    </testcase>
    <testcase classname="SerialNumber Column Renders correctly Page has serial number column after passing serialNumber or serialNumber=true" name="SerialNumber Column Renders correctly Page has serial number column after passing serialNumber or serialNumber=true" time="0.326">
    </testcase>
    <testcase classname="SerialNumber Column Renders correctly Page doesnt serial number column serialNumber=false or prop is not passed" name="SerialNumber Column Renders correctly Page doesnt serial number column serialNumber=false or prop is not passed" time="0.173">
    </testcase>
  </testsuite>
  <testsuite name="getSelectedNodes Works Correctly" errors="0" failures="0" skipped="0" timestamp="2023-10-09T05:00:48" time="3.552" tests="1">
    <testcase classname="getSelectedNodes Works Correctly getSelectedNodes shows correct selected nodes" name="getSelectedNodes Works Correctly getSelectedNodes shows correct selected nodes" time="1.024">
    </testcase>
  </testsuite>
  <testsuite name="Column Pinning" errors="0" failures="0" skipped="0" timestamp="2023-10-09T05:00:49" time="3.156" tests="4">
    <testcase classname="Column Pinning setColumnPinned works correctly when column passed as string" name="Column Pinning setColumnPinned works correctly when column passed as string" time="0.39">
    </testcase>
    <testcase classname="Column Pinning setColumnPinned works correctly when column passed as object" name="Column Pinning setColumnPinned works correctly when column passed as object" time="0.195">
    </testcase>
    <testcase classname="Column Pinning setColumnsPinned works correctly when columns are passed as array of strings" name="Column Pinning setColumnsPinned works correctly when columns are passed as array of strings" time="0.156">
    </testcase>
    <testcase classname="Column Pinning setColumnsPinned works correctly when columns are passed as array of objects" name="Column Pinning setColumnsPinned works correctly when columns are passed as array of objects" time="0.171">
    </testcase>
  </testsuite>
  <testsuite name="Display name column apis" errors="0" failures="0" skipped="0" timestamp="2023-10-09T05:00:49" time="3.287" tests="5">
    <testcase classname="Display name column apis getDisplayNameForColumn works correctly" name="Display name column apis getDisplayNameForColumn works correctly" time="0.229">
    </testcase>
    <testcase classname="Display name column apis getDisplayedColAfter works correctly" name="Display name column apis getDisplayedColAfter works correctly" time="0.14">
    </testcase>
    <testcase classname="Display name column apis getDisplayedColBefore works correctly" name="Display name column apis getDisplayedColBefore works correctly" time="0.127">
    </testcase>
    <testcase classname="Display name column apis getAllDisplayedVirtualColumns works correctly" name="Display name column apis getAllDisplayedVirtualColumns works correctly" time="0.185">
    </testcase>
    <testcase classname="Display name column apis getAllDisplayedColumns works correctly" name="Display name column apis getAllDisplayedColumns works correctly" time="0.133">
    </testcase>
  </testsuite>
  <testsuite name="GridAPI - Filtering APIs" errors="0" failures="0" skipped="0" timestamp="2023-10-09T05:00:51" time="3.643" tests="4">
    <testcase classname="GridAPI - Filtering APIs setQuickFilter works correctly" name="GridAPI - Filtering APIs setQuickFilter works correctly" time="0.353">
    </testcase>
    <testcase classname="GridAPI - Filtering APIs getFilterModel,setFilterModel work correctly" name="GridAPI - Filtering APIs getFilterModel,setFilterModel work correctly" time="0.236">
    </testcase>
    <testcase classname="GridAPI - Filtering APIs isColumnFilterPresent" name="GridAPI - Filtering APIs isColumnFilterPresent" time="0.289">
    </testcase>
    <testcase classname="GridAPI - Filtering APIs isAnyFilterPresent" name="GridAPI - Filtering APIs isAnyFilterPresent" time="0.236">
    </testcase>
  </testsuite>
  <testsuite name="getSelectedRows" errors="0" failures="0" skipped="0" timestamp="2023-10-09T05:00:52" time="2.741" tests="1">
    <testcase classname="getSelectedRows getSelectedRows correctly" name="getSelectedRows getSelectedRows correctly" time="0.682">
    </testcase>
  </testsuite>
  <testsuite name="cellrenderer works properly" errors="0" failures="0" skipped="0" timestamp="2023-10-09T05:00:53" time="2.789" tests="2">
    <testcase classname="cellrenderer works properly cellRenderer renders in every row for particular column" name="cellrenderer works properly cellRenderer renders in every row for particular column" time="0.481">
    </testcase>
    <testcase classname="cellrenderer works properly cellRenderer renders in every row for particular multiline header column" name="cellrenderer works properly cellRenderer renders in every row for particular multiline header column" time="0.282">
    </testcase>
  </testsuite>
  <testsuite name="getColumns and getAllGridColumns work correctly" errors="0" failures="0" skipped="0" timestamp="2023-10-09T05:00:53" time="2.841" tests="2">
    <testcase classname="getColumns and getAllGridColumns work correctly getColumns returns all columns" name="getColumns and getAllGridColumns work correctly getColumns returns all columns" time="0.512">
    </testcase>
    <testcase classname="getColumns and getAllGridColumns work correctly getAllGridColumns returns all grid columns" name="getColumns and getAllGridColumns work correctly getAllGridColumns returns all grid columns" time="0.203">
    </testcase>
  </testsuite>
  <testsuite name="getColumn works correctly" errors="0" failures="0" skipped="0" timestamp="2023-10-09T05:00:55" time="2.69" tests="2">
    <testcase classname="getColumn works correctly getColumn gets column object of correct column(priority) when colKey passed as string" name="getColumn works correctly getColumn gets column object of correct column(priority) when colKey passed as string" time="0.325">
    </testcase>
    <testcase classname="getColumn works correctly getColumn gets column object of correct column(id) when colKey passed as object" name="getColumn works correctly getColumn gets column object of correct column(id) when colKey passed as object" time="0.196">
    </testcase>
  </testsuite>
  <testsuite name="isPinning works correctly" errors="0" failures="0" skipped="0" timestamp="2023-10-09T05:00:56" time="2.519" tests="2">
    <testcase classname="isPinning works correctly isPinning returns true if atleast one column is pinned" name="isPinning works correctly isPinning returns true if atleast one column is pinned" time="0.32">
    </testcase>
    <testcase classname="isPinning works correctly isPinning returns false if no columns are pinned" name="isPinning works correctly isPinning returns false if no columns are pinned" time="0.166">
    </testcase>
  </testsuite>
  <testsuite name="rowSingleClick event test" errors="0" failures="0" skipped="0" timestamp="2023-10-09T05:00:56" time="2.692" tests="1">
    <testcase classname="rowSingleClick event test Row Single Click event works properly" name="rowSingleClick event test Row Single Click event works properly" time="0.692">
    </testcase>
  </testsuite>
  <testsuite name="Datagrid Unit test for Get Model" errors="0" failures="0" skipped="0" timestamp="2023-10-09T05:00:56" time="2.594" tests="1">
    <testcase classname="Datagrid Unit test for Get Model get Model" name="Datagrid Unit test for Get Model get Model" time="0.773">
    </testcase>
  </testsuite>
  <testsuite name="GridAPI" errors="0" failures="0" skipped="0" timestamp="2023-10-09T05:00:58" time="3.391" tests="1">
    <testcase classname="GridAPI forEachNode and forEachLeafNode work correctly" name="GridAPI forEachNode and forEachLeafNode work correctly" time="0.547">
    </testcase>
  </testsuite>
  <testsuite name="GridAPI" errors="0" failures="0" skipped="0" timestamp="2023-10-09T05:00:59" time="3.375" tests="1">
    <testcase classname="GridAPI applyTransaction works correctly" name="GridAPI applyTransaction works correctly" time="0.554">
    </testcase>
  </testsuite>
  <testsuite name="Datagrid Unit test for NoRows" errors="0" failures="0" skipped="0" timestamp="2023-10-09T05:00:59" time="3.31" tests="2">
    <testcase classname="Datagrid Unit test for NoRows no rows" name="Datagrid Unit test for NoRows no rows" time="0.283">
    </testcase>
    <testcase classname="Datagrid Unit test for NoRows keyGetter" name="Datagrid Unit test for NoRows keyGetter" time="0.093">
    </testcase>
  </testsuite>
  <testsuite name="framework components render correctly" errors="0" failures="0" skipped="0" timestamp="2023-10-09T05:01:00" time="3.051" tests="2">
    <testcase classname="framework components render correctly Page has framework checkbox components in all rows" name="framework components render correctly Page has framework checkbox components in all rows" time="0.276">
    </testcase>
    <testcase classname="framework components render correctly Page has framework button components in all rows" name="framework components render correctly Page has framework button components in all rows" time="0.138">
    </testcase>
  </testsuite>
</testsuites>